******************************************************************************
                  TI ARM Linker PC v20.2.4                     
******************************************************************************
>> Linked Sun Aug  1 11:35:30 2021

OUTPUT FILE NAME:   <collector_CC1352R1_LAUNCHXL_tirtos_ccs.out>
ENTRY POINT SYMBOL: "ResetISR"  address: 00012581


MEMORY CONFIGURATION

         name            origin    length      used     unused   attr    fill
----------------------  --------  ---------  --------  --------  ----  --------
  FLASH                 00000000   00056000  000201a8  00035e58  R  X
  FLASH_LAST            00056000   00002000  00002000  00000000  R  X
  SRAM                  20000000   00014000  00003dcd  00010233  RW X


SEGMENT ALLOCATION MAP

run origin  load origin   length   init length attrs members
----------  ----------- ---------- ----------- ----- -------
00000000    00000000    000181a8   000181a8    r-x
  00000000    00000000    0000003c   0000003c    r-- .resetVecs
  0000003c    0000003c    00001dc0   00001dc0    r-- .const
  00001dfc    00001dfc    00015fb4   00015fb4    r-x .text.1
  00017db0    00017db0    000003f8   000003f8    r-- .cinit
0004e000    0004e000    00008000   00000000    rw-
  0004e000    0004e000    00008000   00000000    rw- .TI.bound:flashBuf0
00056000    00056000    00002000   00002000    r-x
  00056000    00056000    00001fa8   00001fa8    r-x .text.2
  00057fa8    00057fa8    00000058   00000058    r-- .ccfg
20000100    20000100    00003799   00000000    rw-
  20000100    20000100    00000004   00000000    rw- .data:xdcRomConstPtr
  20000104    20000104    00000004   00000000    rw- .data:xdcRomExternFuncPtr
  20000108    20000108    00000004   00000000    rw- .data:xdcRomStatePtr
  2000010c    2000010c    00000010   00000000    rw- .data:RAM_MAC_BASE_ADDR
  20000120    20000120    000011d9   00000000    rw- .data
  20001300    20001300    00002599   00000000    rw- .bss
20013aa0    20013aa0    00000560   00000000    rw-
  20013aa0    20013aa0    00000560   00000000    rw- .stack


SECTION ALLOCATION MAP

 output                                  attributes/
section   page    origin      length       input sections
--------  ----  ----------  ----------   ----------------
.const     0    0000003c    00001dc0     
                  0000003c    00000568     maclib_secure_cc13x2.a : hmac_rom_init.obj (.const:HMAC_ROM_Flash_JT)
                  000005a4    000003b8     app_pem4f.oem4f (.const:ROM_constStruct)
                  0000095c    00000258     maclib_secure_cc13x2.a : fh_rom_init.obj (.const:FH_ROM_Flash_JT)
                  00000bb4    000001fc     rf_multiMode_cc13x2.aem4f : rf_patch_cpe_prop.c.cc13x2.ccs.o (.const:patchImageProp)
                  00000db0    00000100     crc.obj (.const:.string:crc_table)
                  00000eb0    000000fa     maclib_secure_cc13x2.a : fh_global.obj (.const:FH_stateMatrix)
                  00000faa    000000f8     mac_cfg.obj (.const:macPibTbl)
                  000010a2    00000002     ti_drivers_config.obj (.const:ButtonHWAttrs)
                  000010a4    000000cc     maclib_secure_cc13x2.a : lmac_rom_init.obj (.const:LMAC_ROM_Flash_JT)
                  00001170    0000008c     mac_cfg.obj (.const:FHPIB_defaults)
                  000011fc    00000088     mac_cfg.obj (.const:macPibDefaults)
                  00001284    00000084     drivers_cc13x2.a : Random.oem4f (.const:$P$T0$1)
                  00001308    00000072     maclib_secure_cc13x2.a : hmac_global.obj (.const:macAssociatingSt)
                  0000137a    00000072                            : hmac_global.obj (.const:macIdleSt)
                  000013ec    00000072                            : hmac_global.obj (.const:macPollingSt)
                  0000145e    00000072                            : hmac_global.obj (.const:macScanningSt)
                  000014d0    00000072                            : hmac_global.obj (.const:macStartingSt)
                  00001542    00000002     cllc.obj (.const:keyUsageList)
                  00001544    0000006c     maclib_secure_cc13x2.a : icall_osal_rom_init.obj (.const:ICALL_OSAL_ROM_Flash_JT)
                  000015b0    0000006c     mac_user_config.obj (.const:macRfDriverTable)
                  0000161c    00000058     mac_cfg.obj (.const:macSecurityPibTbl)
                  00001674    00000054     drivers_cc13x2.a : PowerCC26X2.oem4f (.const:resourceDB)
                  000016c8    00000050     mac_cfg.obj (.const:macMRFSKStdPhyTable)
                  00001718    00000048     app_pem4f.oem4f (.const:.string)
                  00001760    00000048     app_pem4f.oem4f (.const:ROM_externFuncPtrs)
                  000017a8    00000040     mac_user_config.obj (.const:macCryptoDriverTable)
                  000017e8    00000040     maclib_secure_cc13x2.a : hmac_global.obj (.const:macTimerRolloverValue)
                  00001828    00000038                            : hmac_global.obj (.const:macCmdIncludeFHIe)
                  00001860    00000030     ti_radio_config.obj (.const:RF_cmdPropRxAdv_slr5kbps2gfsk)
                  00001890    00000028     drivers_cc13x2.a : NVSCC26XX.oem4f (.const:NVSCC26XX_fxnTable)
                  000018b8    00000028     ti_radio_config.obj (.const:RF_cmdPropRadioDivSetup_slr5kbps2gfsk)
                  000018e0    00000028     drivers_cc13x2.a : UARTCC26XX.oem4f (.const:UARTCC26XX_fxnTable)
                  00001908    00000028     app_pem4f.oem4f (.const:ti_sysbios_heaps_HeapCallback_Module__FXNS__C)
                  00001930    00000028     ti_drivers_config.obj (.const:uartCC26XXHWAttrs)
                  00001958    00000028     app_pem4f.oem4f (.const:xdc_runtime_Startup_sfxnTab__A)
                  00001980    00000024     drivers_cc13x2.a : UART.oem4f (.const:UART_defaultParams)
                  000019a4    00000024     app_pem4f.oem4f (.const:ti_sysbios_gates_GateMutexPri_Module__FXNS__C)
                  000019c8    00000020     mac_user_config.obj (.const:$P$T0$1)
                  000019e8    00000020     ti_radio_config.obj (.const:RF_cmdPropTxAdv_slr5kbps2gfsk)
                  00001a08    00000020     rf_multiMode_cc13x2.aem4f : RFCC26X2_multiMode.c.cc13x2.ccs.o (.const:RF_defaultParams)
                  00001a28    00000020     maclib_secure_cc13x2.a : mac_radio.obj (.const:activityObject)
                  00001a48    00000020     cllc.obj (.const:keyDeviceList)
                  00001a68    00000020     app_pem4f.oem4f (.const:ti_sysbios_gates_GateMutexPri_Object__DESC__C)
                  00001a88    00000020     app_pem4f.oem4f (.const:ti_sysbios_heaps_HeapCallback_Object__DESC__C)
                  00001aa8    0000001c     ti_drivers_config.obj (.const:BoardGpioInitTable)
                  00001ac4    0000001c     ti_radio_config.obj (.const:RF_cmdPropCs_slr5kbps2gfsk)
                  00001ae0    0000001c     app_pem4f.oem4f (.const:ti_sysbios_heaps_HeapCallback_Object__PARAMS__C)
                  00001afc    00000018     drivers_cc13x2.a : PWM.oem4f (.const:PWM_defaultParams)
                  00001b14    00000018     ti_radio_config.obj (.const:RF_cmdFs_slr5kbps2gfsk)
                  00001b2c    00000018     drivers_cc13x2.a : GPIOCC26XX.oem4f (.const:interruptType)
                  00001b44    00000018     maclib_secure_cc13x2.a : hmac_global.obj (.const:macSendMsgBufSize)
                  00001b5c    00000018     app_pem4f.oem4f (.const:ti_sysbios_gates_GateMutexPri_Object__PARAMS__C)
                  00001b74    00000014     ti_drivers_config.obj (.const:$P$T1$2)
                  00001b88    00000014     ti_drivers_config.obj (.const:GPIOCC26XX_config)
                  00001b9c    00000014     ti_drivers_config.obj (.const:PowerCC26X2_config)
                  00001bb0    00000014     drivers_cc13x2.a : TRNG.oem4f (.const:TRNG_defaultParams)
                  00001bc4    00000014                      : UARTCC26XX.oem4f (.const:parityType)
                  00001bd8    00000014     app_pem4f.oem4f (.const:xdc_runtime_Startup_sfxnRts__A)
                  00001bec    00000013     macTask.obj (.const:.string:msacbackSizeTable)
                  00001bff    00000011     ti_drivers_config.obj (.const)
                  00001c10    00000010     drivers_cc13x2.a : AESCCM.oem4f (.const:AESCCM_defaultParams)
                  00001c20    00000010     ti_drivers_config.obj (.const:Button_config)
                  00001c30    00000010     drivers_cc13x2.a : Button.oem4f (.const:Button_defaultParams)
                  00001c40    00000010     ti_drivers_config.obj (.const:LED_config)
                  00001c50    00000010     drivers_cc13x2.a : UARTCC26XX.oem4f (.const:dataLength)
                  00001c60    00000010     maclib_secure_cc13x2.a : hmac_global.obj (.const:macIEEEPhyTable)
                  00001c70    00000010     drivers_cc13x2.a : GPIOCC26XX.oem4f (.const:outPinTypes)
                  00001c80    0000000e     cllc.obj (.const:$P$T1$3)
                  00001c8e    0000000e     maclib_secure_cc13x2.a : hmac_global.obj (.const:.string:macCmdBufSize)
                  00001c9c    0000000e                            : hmac_global.obj (.const:.string:macTxFrameFailed)
                  00001caa    0000000e                            : hmac_global.obj (.const:.string:macTxFrameSuccess)
                  00001cb8    0000000c     drivers_cc13x2.a : Random.oem4f (.const:$P$T1$2)
                  00001cc4    0000000c     maclib_secure_cc13x2.a : hmac_global.obj (.const:.string:macCbackEventTbl)
                  00001cd0    0000000c                            : hmac_global.obj (.const:.string:macSendMsgDataSize)
                  00001cdc    0000000c     ti_drivers_config.obj (.const:NVS_config)
                  00001ce8    0000000c     ti_drivers_config.obj (.const:RFCC26XX_hwAttrs)
                  00001cf4    0000000c     ti_drivers_config.obj (.const:UART_config)
                  00001d00    0000000c     drivers_cc13x2.a : GPIOCC26XX.oem4f (.const:inPinTypes)
                  00001d0c    0000000c                      : GPIOCC26XX.oem4f (.const:outPinStrengths)
                  00001d18    0000000c     app_pem4f.oem4f (.const:xdc_runtime_Startup_firstFxns__A)
                  00001d24    0000000a     cllc.obj (.const:keyIdLookupList)
                  00001d2e    00000009     maclib_secure_cc13x2.a : hmac_global.obj (.const:.string:macCmdLen)
                  00001d37    00000001     ti_drivers_config.obj (.const:aesccmCC26XXHWAttrs)
                  00001d38    00000008     driverlib.lib : aux_sysif.obj (.const:$O1$$)
                  00001d40    00000008     maclib_secure_cc13x2.a : mac_rx.obj (.const:$O2$$)
                  00001d48    00000008     ti_drivers_config.obj (.const:$P$T0$1)
                  00001d50    00000008     cllc.obj (.const:.string:Cllc_keySource)
                  00001d58    00000008     main.obj (.const:.string:dummyExtAddr)
                  00001d60    00000008     maclib_secure_cc13x2.a : fh_global.obj (.const:.string:fhSupFrameTypes)
                  00001d68    00000008                            : hmac_global.obj (.const:.string:macAuthTagLen)
                  00001d70    00000008     ti_drivers_config.obj (.const:AESCCM_config)
                  00001d78    00000008     drivers_cc13x2.a : LED.oem4f (.const:LED_defaultParams)
                  00001d80    00000008     ti_drivers_config.obj (.const:PINCC26XX_hwAttrs)
                  00001d88    00000008     ti_drivers_config.obj (.const:nvsCC26XXHWAttrs)
                  00001d90    00000008     drivers_cc13x2.a : UARTCC26XX.oem4f (.const:stopBits)
                  00001d98    00000008     app_pem4f.oem4f (.const:ti_sysbios_family_arm_m3_Hwi_excHookFuncs__A)
                  00001da0    00000006     drivers_cc13x2.a : UARTCC26XX.oem4f (.const:.string:rxFifoBytes)
                  00001da6    00000006                      : UARTCC26XX.oem4f (.const:.string:rxFifoThreshold)
                  00001dac    00000006                      : UARTCC26XX.oem4f (.const:.string:txFifoBytes)
                  00001db2    00000006                      : UARTCC26XX.oem4f (.const:.string:txFifoThreshold)
                  00001db8    00000005     cllc.obj (.const:securityLevelEntry)
                  00001dbd    00000001     app_pem4f.oem4f (.const:xdc_runtime_Text_charTab__A)
                  00001dbe    00000004     nvocmp.obj (.const:$P$T0$6)
                  00001dc2    00000004     maclib_secure_cc13x2.a : hmac_global.obj (.const:.string:macKeySourceLen)
                  00001dc6    00000004     ti_drivers_config.obj (.const:LEDHWAttrs)
                  00001dca    00000002     --HOLE-- [fill = 0]
                  00001dcc    00000004     drivers_cc13x2.a : NVS.oem4f (.const:NVS_defaultParams)
                  00001dd0    00000004     app_pem4f.oem4f (.const:ti_sysbios_gates_GateMutexPri_Instance_State_pendQ__O)
                  00001dd4    00000004     app_pem4f.oem4f (.const:ti_sysbios_heaps_HeapCallback_Object__count__C)
                  00001dd8    00000004     app_pem4f.oem4f (.const:ti_sysbios_heaps_HeapCallback_allocInstFxn__C)
                  00001ddc    00000004     app_pem4f.oem4f (.const:ti_sysbios_heaps_HeapCallback_createInstFxn__C)
                  00001de0    00000004     app_pem4f.oem4f (.const:ti_sysbios_heaps_HeapCallback_deleteInstFxn__C)
                  00001de4    00000004     app_pem4f.oem4f (.const:ti_sysbios_heaps_HeapCallback_freeInstFxn__C)
                  00001de8    00000004     app_pem4f.oem4f (.const:ti_sysbios_heaps_HeapCallback_getStatsInstFxn__C)
                  00001dec    00000004     app_pem4f.oem4f (.const:ti_sysbios_heaps_HeapCallback_initInstFxn__C)
                  00001df0    00000004     app_pem4f.oem4f (.const:ti_sysbios_heaps_HeapCallback_isBlockingInstFxn__C)
                  00001df4    00000004     app_pem4f.oem4f (.const:ti_sysbios_knl_Clock_tickPeriod__C)
                  00001df8    00000004     app_pem4f.oem4f (.const:ti_sysbios_knl_Idle_funcList__A)

.cinit     0    00017db0    000003f8     
                  00017db0    00000393     (.cinit..data.load) [load image, compression = lzss]
                  00018143    00000001     --HOLE-- [fill = 0]
                  00018144    0000000c     (__TI_handler_table)
                  00018150    00000008     (.cinit..bss.load) [load image, compression = zero_init]
                  00018158    00000008     (.cinit..data:RAM_MAC_BASE_ADDR.load) [load image, compression = zero_init]
                  00018160    00000008     (.cinit..data:xdcRomConstPtr.load) [load image, compression = lzss]
                  00018168    00000008     (.cinit..data:xdcRomExternFuncPtr.load) [load image, compression = lzss]
                  00018170    00000008     (.cinit..data:xdcRomStatePtr.load) [load image, compression = lzss]
                  00018178    00000030     (__TI_cinit_table)

.init_array 
*          0    00000000    00000000     UNINITIALIZED

.TI.bound:flashBuf0 
*          0    0004e000    00008000     UNINITIALIZED
                  0004e000    00008000     ti_drivers_config.obj (.TI.bound:flashBuf0)

.ccfg      0    00057fa8    00000058     
                  00057fa8    00000058     ti_devices_config.obj (.ccfg:retain)

.data:xdcRomConstPtr 
*          0    20000100    00000004     UNINITIALIZED
                  20000100    00000004     app_pem4f.oem4f (.data:xdcRomConstPtr)

.data:xdcRomExternFuncPtr 
*          0    20000104    00000004     UNINITIALIZED
                  20000104    00000004     app_pem4f.oem4f (.data:xdcRomExternFuncPtr)

.data:xdcRomStatePtr 
*          0    20000108    00000004     UNINITIALIZED
                  20000108    00000004     app_pem4f.oem4f (.data:xdcRomStatePtr)

.data      0    20000120    000011d9     UNINITIALIZED
                  20000120    00000508     rf_multiMode_cc13x2.aem4f : RFCC26X2_multiMode.c.cc13x2.ccs.o (.data:$O1$$)
                  20000628    0000018c     maclib_osal_tirtos_cc13x2_26x2.a : osal_port.obj (.data:$O1$$)
                  200007b4    00000170     drivers_cc13x2.a : PowerCC26X2.oem4f (.data:PowerCC26X2_module)
                  20000924    0000010c     app_pem4f.oem4f (.data:ROM_stateStruct)
                  20000a30    000000a0     mac_cfg.obj (.data:macMRFSKGenPhyTable)
                  20000ad0    0000006c     maclib_secure_cc13x2.a : hmac_global.obj (.data:fhObject)
                  20000b3c    00000064     ti_radio_config.obj (.data:txPowerTable_868_pa13)
                  20000ba0    00000060     maclib_secure_cc13x2.a : mac.obj (.data:$O1$$)
                  20000c00    0000005c     main.obj (.data:Main_user1Cfg)
                  20000c5c    00000054     maclib_secure_cc13x2.a : fh_global.obj (.data:FHIE_channelPlan)
                  20000cb0    0000004c     app_pem4f.oem4f (.data:ti_sysbios_knl_Task_Object__table__V)
                  20000cfc    00000048     collector.obj (.data:Collector_macCallbacks)
                  20000d44    00000048     cllc.obj (.data:macCallbacksCopy)
                  20000d8c    00000004     maclib_secure_cc13x2.a : mac_autopend.obj (.data:$O1$$)
                  20000d90    00000048     app_pem4f.oem4f (.data:ti_sysbios_family_arm_cc26xx_Timer_Object__table__V)
                  20000dd8    00000040     maclib_secure_cc13x2.a : mac_radio.obj (.data:$O1$$)
                  20000e18    00000038     app_pem4f.oem4f (.data:ti_sysbios_gates_GateMutex_Object__table__V)
                  20000e50    00000034     maclib_secure_cc13x2.a : hmac_global.obj (.data:macBeaconPayload)
                  20000e84    00000030                            : hmac_global.obj (.data)
                  20000eb4    00000030     app_pem4f.oem4f (.data:ti_sysbios_knl_Swi_Module_State_0_readyQ__A)
                  20000ee4    00000030     app_pem4f.oem4f (.data:ti_sysbios_knl_Swi_Object__table__V)
                  20000f14    00000030     app_pem4f.oem4f (.data:ti_sysbios_knl_Task_Module_State_0_readyQ__A)
                  20000f44    0000002c     cllc.obj (.data:keyTable)
                  20000f70    0000002c     ti_radio_config.obj (.data:pOverrides_slr5kbps2gfsk)
                  20000f9c    00000028     maclib_secure_cc13x2.a : mac_symbol_timer.obj (.data:$O1$$)
                  20000fc4    00000024     driverlib.lib : osc.obj (.data:$O1$$)
                  20000fe8    00000024     maclib_secure_cc13x2.a : mac_tx.obj (.data:$O1$$)
                  2000100c    00000024                            : hmac_global.obj (.data:macActionSet)
                  20001030    00000020     drivers_cc13x2.a : TRNGCC26XX.oem4f (.data:entropyPoolBuffer)
                  20001050    00000020     mac_cfg.obj (.data:macBeaconMargin)
                  20001070    00000020     app_pem4f.oem4f (.data:ti_sysbios_knl_Clock_Object__table__V)
                  20001090    00000020     app_pem4f.oem4f (.data:xdc_runtime_Error_IgnoreBlock)
                  200010b0    0000001b     cllc.obj (.data)
                  200010cb    00000001     drivers_cc13x2.a : AESCCMCC26XX.oem4f (.data)
                  200010cc    00000018     app_pem4f.oem4f (.data:ti_sysbios_family_arm_m3_Hwi_Object__table__V)
                  200010e4    00000014     maclib_secure_cc13x2.a : mac_radio_tx.obj (.data:$O1$$)
                  200010f8    00000014     csf.obj (.data)
                  2000110c    00000014     maclib_secure_cc13x2.a : hmac_global.obj (.data:macStateTbl)
                  20001120    00000014     macTask.obj (.data)
                  20001134    00000014     main.obj (.data:macUser0Cfg)
                  20001148    00000011     cllc.obj (.data:chanMask)
                  20001159    00000002     drivers_cc13x2.a : CryptoResourceCC26XX.oem4f (.data)
                  2000115b    00000001                      : NVS.oem4f (.data)
                  2000115c    00000010     maclib_osal_tirtos_cc13x2_26x2.a : osal_port_timers.obj (.data:$O1$$)
                  2000116c    00000010     mac_settings.obj (.data:RF_cmdNop)
                  2000117c    00000010     mac_settings.obj (.data:RF_cmdNopFg)
                  2000118c    00000010     ti_radio_config.obj (.data:RF_prop_slr5kbps2gfsk)
                  2000119c    00000010     ti_drivers_config.obj (.data:gpioCallbackFunctions)
                  200011ac    00000010     ti_drivers_config.obj (.data:gpioPinConfigs)
                  200011bc    00000010     mac_cfg.obj (.data:macCfg)
                  200011cc    0000000f     maclib_secure_cc13x2.a : mac.obj (.data)
                  200011db    00000001     drivers_cc13x2.a : PWM.oem4f (.data)
                  200011dc    0000000c     maclib_secure_cc13x2.a : mac_hl_patch.obj (.data:$O1$$)
                  200011e8    0000000c                            : fh_global.obj (.data:FH_FSM)
                  200011f4    0000000c     collector.obj (.data:cllcCallbacks)
                  20001200    0000000c     app_pem4f.oem4f (.data:ti_sysbios_heaps_HeapCallback_Object__table__V)
                  2000120c    00000009     collector.obj (.data)
                  20001215    00000002     drivers_cc13x2.a : TRNGCC26XX.oem4f (.data)
                  20001217    00000001                      : UART.oem4f (.data)
                  20001218    00000008     rtsv7M4_T_le_v4SPD16_eabi.lib : _lock.c.obj (.data:$O1$$)
                  20001220    00000008     maclib_secure_cc13x2.a : fh_global.obj (.data:FH_txTiming)
                  20001228    00000008     rf_multiMode_cc13x2.aem4f : RFCC26X2_multiMode.c.cc13x2.ccs.o (.data:RFCC26XX_schedulerPolicy)
                  20001230    00000008     api_mac.obj (.data)
                  20001238    00000008     cllc.obj (.data:coordInfoBlock)
                  20001240    00000008     drivers_cc13x2.a : PINCC26XX.oem4f (.data)
                  20001248    00000008                      : TRNGCC26XX.oem4f (.data:jobList)
                  20001250    00000008     app_pem4f.oem4f (.data:ti_sysbios_family_arm_m3_Hwi_Module__root__V)
                  20001258    00000008     app_pem4f.oem4f (.data:ti_sysbios_gates_GateHwi_Module__root__V)
                  20001260    00000008     app_pem4f.oem4f (.data:ti_sysbios_gates_GateMutexPri_Module__root__V)
                  20001268    00000008     app_pem4f.oem4f (.data:ti_sysbios_gates_GateMutex_Module__root__V)
                  20001270    00000008     app_pem4f.oem4f (.data:ti_sysbios_hal_Hwi_Module__root__V)
                  20001278    00000008     app_pem4f.oem4f (.data:ti_sysbios_heaps_HeapCallback_Module__root__V)
                  20001280    00000008     app_pem4f.oem4f (.data:ti_sysbios_heaps_HeapMem_Module__root__V)
                  20001288    00000008     app_pem4f.oem4f (.data:ti_sysbios_knl_Clock_Module__root__V)
                  20001290    00000008     app_pem4f.oem4f (.data:ti_sysbios_knl_Event_Module__root__V)
                  20001298    00000008     app_pem4f.oem4f (.data:ti_sysbios_knl_Mailbox_Module__root__V)
                  200012a0    00000008     app_pem4f.oem4f (.data:ti_sysbios_knl_Queue_Module__root__V)
                  200012a8    00000008     app_pem4f.oem4f (.data:ti_sysbios_knl_Semaphore_Module__root__V)
                  200012b0    00000008     app_pem4f.oem4f (.data:ti_sysbios_knl_Swi_Module__root__V)
                  200012b8    00000008     app_pem4f.oem4f (.data:ti_sysbios_knl_Task_Module__root__V)
                  200012c0    00000006     nvocmp.obj (.data)
                  200012c6    00000002     app_pem4f.oem4f (.data:ti_sysbios_family_arm_m3_Hwi_Module_State_0_excActive__A)
                  200012c8    00000005     drivers_cc13x2.a : GPIOCC26XX.oem4f (.data)
                  200012cd    00000001     maclib_secure_cc13x2.a : mac_sleep.obj (.data)
                  200012ce    00000001                            : mac_tx.obj (.data)
                  200012cf    00000001     main.obj (.data)
                  200012d0    00000004     drivers_cc13x2.a : GPIOCC26XX.oem4f (.data:gpioPinTable)
                  200012d4    00000004     maclib_secure_cc13x2.a : fh_global.obj (.data:macAddrSize)
                  200012d8    00000004     maclib_osal_tirtos_cc13x2_26x2.a : osal_port.obj (.data)
                  200012dc    00000004     maclib_secure_cc13x2.a : lmac_global.obj (.data)
                  200012e0    00000004                            : mac_mcu.obj (.data)
                  200012e4    00000004     rtsv7M4_T_le_v4SPD16_eabi.lib : stkdepth_vars.c.obj (.data)
                  200012e8    00000004     app_pem4f.oem4f (.data:ti_sysbios_family_arm_m3_Hwi_Module_State_0_excContext__A)
                  200012ec    00000004     app_pem4f.oem4f (.data:ti_sysbios_family_arm_m3_Hwi_Module_State_0_excStack__A)
                  200012f0    00000004     app_pem4f.oem4f (.data:ti_sysbios_knl_Task_Module_State_0_idleTask__A)
                  200012f4    00000004     uart_app.obj (.data)
                  200012f8    00000001     rf_multiMode_cc13x2.aem4f : rf_patch_cpe_prop.c.cc13x2.ccs.o (.data)

.bss       0    20001300    00002599     UNINITIALIZED
                  20001300    00000800     macTask.obj (.bss:macTaskStack)
                  20001b00    00000600     main.obj (.bss:appTaskStack)
                  20002100    00000258     (.common:Cllc_associatedDevList)
                  20002358    00000200     app_pem4f.oem4f (.bss:taskStackSection)
                  20002558    000001bc     (.common:uartCC26XXObjects)
                  20002714    000000fc     (.common:enhancedAckBuf)
                  20002810    000000f8     maclib_secure_cc13x2.a : mac_radio.obj (.bss:RF_object)
                  20002908    000000d8     (.common:ti_sysbios_family_arm_m3_Hwi_dispatchTable)
                  200029e0    000000b8     (.common:LEDObjects)
                  20002a98    0000008c     (.common:FHPIB_db)
                  20002b24    00000088     (.common:FH_hnd)
                  20002bac    00000088     (.common:macPib)
                  20002c34    0000007c     (.common:pinHandleTable)
                  20002cb0    0000007a     (.common:FHNT_tableOpt)
                  20002d2a    00000001                            : mac_tx.obj (.bss)
                  20002d2b    00000001     main.obj (.bss)
                  20002d2c    00000054     (.common:macScan)
                  20002d80    00000050     drivers_cc13x2.a : PINCC26XX.oem4f (.bss:pinSemaphore)
                  20002dd0    00000050     (.common:ButtonObjects)
                  20002e20    00000050     (.common:CryptoResourceCC26XX_accessSemaphore)
                  20002e70    00000050     (.common:CryptoResourceCC26XX_operationSemaphore)
                  20002ec0    00000050     (.common:appTask)
                  20002f10    00000050     (.common:macTask)
                  20002f60    00000046     (.common:NVOCMP_nvHandle)
                  20002fa6    00000042     (.common:FHFSM_Dbg)
                  20002fe8    00000040     (.common:macSecurityPib)
                  20003028    0000003c     macTask.obj (.bss:macTaskParams)
                  20003064    0000003c     drivers_cc13x2.a : PINCC26XX.oem4f (.bss:pinSwi)
                  200030a0    0000003c     (.common:Collector_statistics)
                  200030dc    0000003c     (.common:RF_cmdIEEERx)
                  20003118    0000003c     (.common:macBeaconCoord)
                  20003154    00000039     csf.obj (.bss)
                  2000318d    00000001     rf_multiMode_cc13x2.aem4f : RFCC26X2_multiMode.c.cc13x2.ccs.o (.bss)
                  2000318e    00000001     (.common:AppTaskId)
                  2000318f    00000001     (.common:NVOCMP_size)
                  20003190    00000038     (.common:FHNT_hnd)
                  200031c8    00000038     (.common:macDeviceAction1)
                  20003200    00000034     (.common:macBeaconDevice)
                  20003234    00000030     (.common:RF_cmdPropRadioDivSetup)
                  20003264    00000030     (.common:RF_cmdPropRxAdv)
                  20003294    00000030     (.common:macMgmtAction1)
                  200032c4    00000030     (.common:macSrcExtAddrList)
                  200032f4    0000002c     (.common:macCoord)
                  20003320    0000002c     (.common:macDevice)
                  2000334c    00000028     maclib_secure_cc13x2.a : mac_rx.obj (.bss:$O1$$)
                  20003374    00000024     csf.obj (.bss:broadcastClkStruct)
                  20003398    00000024     csf.obj (.bss:configClkStruct)
                  200033bc    00000024     collector.obj (.bss:dataRequestMsduMappingTable)
                  200033e0    00000024     csf.obj (.bss:identifyClkStruct)
                  20003404    00000024     csf.obj (.bss:joinClkStruct)
                  20003428    00000024     csf.obj (.bss:trackingClkStruct)
                  2000344c    00000024     (.common:uartParams)
                  20003470    00000020     drivers_cc13x2.a : GPIOCC26XX.oem4f (.bss:gpioCallbackInfo)
                  20003490    00000020                      : PINCC26XX.oem4f (.bss:pinGpioConfigTable)
                  200034b0    00000020     ti_drivers_config.obj (.bss:uartCC26XXRingBuffer0)
                  200034d0    00000020     (.common:RF_cmdIEEECsma)
                  200034f0    00000020     (.common:RF_cmdPropTxAdv)
                  20003510    00000020     (.common:RF_cmdRadioSetup)
                  20003530    00000020     (.common:macBeacon)
                  20003550    0000001c     drivers_cc13x2.a : TRNGCC26XX.oem4f (.bss:TRNGCC26XX_hwi)
                  2000356c    0000001c                      : TRNGCC26XX.oem4f (.bss:entropyPool)
                  20003588    0000001c                      : PINCC26XX.oem4f (.bss:pinHwi)
                  200035a4    0000001c     (.common:CryptoResourceCC26XX_hwi)
                  200035c0    0000001c     (.common:RF_cmdPropCs)
                  200035dc    0000001c     (.common:RF_cmdPropCsSlotted)
                  200035f8    0000001c     (.common:appSem)
                  20003614    0000001c     (.common:macCoordAction2)
                  20003630    0000001c     (.common:macReset)
                  2000364c    0000001c     (.common:macSem)
                  20003668    0000001c     (.common:macSrcShortAddrList)
                  20003684    0000001c     (.common:uartmsg)
                  200036a0    00000018     (.common:RF_cmdFsRx)
                  200036b8    00000018     (.common:RF_cmdFsTx)
                  200036d0    00000018     (.common:RF_cmdIEEETx)
                  200036e8    00000018     (.common:aesccmCC26XXObjects)
                  20003700    00000018     (.common:macScanAction)
                  20003718    00000014     rf_multiMode_cc13x2.aem4f : RFCC26X2_multiMode.c.cc13x2.ccs.o (.bss:RF_ratSyncCmd)
                  2000372c    00000014     drivers_cc13x2.a : Random.oem4f (.bss:state)
                  20003740    00000014     (.common:RF_cmdRxAckCmd)
                  20003754    00000014     (.common:macDeviceAction2)
                  20003768    00000014     (.common:macMgmtAction2)
                  2000377c    00000012     nvocmp.obj (.bss)
                  2000378e    00000001     (.common:appTaskId)
                  2000378f    00000001     (.common:driverlib_release_0_60278)
                  20003790    00000010     (.common:macBeaconDeviceAction)
                  200037a0    00000010     (.common:macCoordAction3)
                  200037b0    00000010     (.common:macData)
                  200037c0    00000010     (.common:macDataTxDelay)
                  200037d0    0000000c     nvocmp.obj (.bss:NVOCMP_itemBuffer)
                  200037dc    0000000c     nvocmp.obj (.bss:NVOCMP_nvsAttrs)
                  200037e8    0000000c     drivers_cc13x2.a : NVSCC26XX.oem4f (.bss)
                  200037f4    0000000c                      : GPIOCC26XX.oem4f (.bss:gpioPinState)
                  20003800    0000000c     (.common:FH_PibTbl)
                  2000380c    0000000c     (.common:macMain)
                  20003818    00000009     macTask.obj (.bss)
                  20003821    00000001     (.common:gAction)
                  20003822    00000001     (.common:macAckTxActive)
                  20003823    00000001     (.common:macMgmt)
                  20003824    00000008     drivers_cc13x2.a : GPIOCC26XX.oem4f (.bss)
                  2000382c    00000008     (.common:ApiMac_extAddr)
                  20003834    00000008     (.common:FHNT_tempTable)
                  2000383c    00000008     (.common:macBeaconCoordAction1)
                  20003844    00000008     (.common:macCoordAction1)
                  2000384c    00000006     (.common:FHNT_Dbg)
                  20003852    00000001     (.common:macPanCoordinator)
                  20003853    00000001     (.common:macPhyChannel)
                  20003854    00000004     api_mac.obj (.bss)
                  20003858    00000004     cllc.obj (.bss)
                  2000385c    00000004     collector.obj (.bss)
                  20003860    00000004     drivers_cc13x2.a : PINCC26XX.oem4f (.bss)
                  20003864    00000004     (.common:AESCCM_handle)
                  20003868    00000004     (.common:FH_test_var)
                  2000386c    00000004     (.common:PowerCC26XX_swiKey)
                  20003870    00000004     (.common:PowerCC26XX_taskKey)
                  20003874    00000004     (.common:macCryptoDrvTblPtr)
                  20003878    00000004     (.common:macRxSymbol)
                  2000387c    00000004     (.common:macTimerActive)
                  20003880    00000004     (.common:macTxTimestamp)
                  20003884    00000004     (.common:nvsCC26XXObjects)
                  20003888    00000004     (.common:timerAlignedQ)
                  2000388c    00000004     (.common:timerUnalignedQ)
                  20003890    00000001     (.common:macPwr)
                  20003891    00000001     (.common:macRxActive)
                  20003892    00000001     (.common:macRxEnableFlags)
                  20003893    00000001     (.common:macRxOutgoingAckFlag)
                  20003894    00000001     (.common:macSymbolTimerImpending)
                  20003895    00000001     (.common:macTaskId)
                  20003896    00000001     (.common:macTxActive)
                  20003897    00000001     (.common:macUnitBackoffPeriod)
                  20003898    00000001     (.common:rxFhRsl)

.vtable    0    20003899    00000000     UNINITIALIZED

.vtable_ram 
*          0    20003899    00000000     UNINITIALIZED

vtable_ram 
*          0    20003899    00000000     UNINITIALIZED

.sysmem    0    20003899    00000000     UNINITIALIZED

.nonretenvar 
*          0    20003899    00000000     UNINITIALIZED

.stack     0    20013aa0    00000560     UNINITIALIZED
                  20013aa0    00000560     --HOLE--

.bootVecs 
*          0    00000000    00000008     DSECT
                  00000000    00000008     boot.aem4f : boot.oem4f (.bootVecs)

.resetVecs 
*          0    00000000    0000003c     
                  00000000    0000003c     app_pem4f.oem4f (.resetVecs)

.vecs      0    20000000    000000d8     NOLOAD SECTION
                  20000000    000000d8     app_pem4f.oem4f (.vecs)

xdc.meta   0    00000000    00000103     COPY SECTION
                  00000000    00000103     app_pem4f.oem4f (xdc.meta)

xdc.noload 
*          0    00000000    00000000     COPY SECTION

.data:RAM_MAC_BASE_ADDR 
*          0    2000010c    00000010     UNINITIALIZED
                  2000010c    00000010     maclib_secure_cc13x2.a : rom_init_154.obj (.data:RAM_MAC_BASE_ADDR)

.text.1    0    00001dfc    00015fb4     
                  00001dfc    00000466     maclib_secure_cc13x2.a : mac_hl_patch.obj (.text:macWrapperAddDevice)
                  00002262    00000002     ti_drivers_config.obj (.text:Board_initHook)
                  00002264    00000454     mac_settings.obj (.text:rfSetConfigSubG)
                  000026b8    00000424     maclib_secure_cc13x2.a : mac.obj (.text:macRxCb)
                  00002adc    00000410     nvocmp.obj (.text:NVOCMP_compactPage)
                  00002eec    000003e4     maclib_secure_cc13x2.a : mac_radio_tx.obj (.text:macRadioTxGoSubG)
                  000032d0    0000036c                            : mac_radio_tx.obj (.text:macRadioCsmaTxCb)
                  0000363c    00000328                            : mac_rx.obj (.text:rxPayloadIsr)
                  00003964    000002e0     macTask.obj (.text:macTaskFxn)
                  00003c44    00000274     nvocmp.obj (.text:NVOCMP_findItem)
                  00003eb8    0000025c     nvocmp.obj (.text:NVOCMP_writeItem)
                  00004114    00000238     maclib_secure_cc13x2.a : mac_radio.obj (.text:macRadioInitSubG)
                  0000434c    00000234                            : mac.obj (.text:macSendReceiveCmdSubG)
                  00004580    0000021c                            : mac.obj (.text:macSendReceiveCmdIeee)
                  0000479c    00000210     rf_multiMode_cc13x2.aem4f : RFCC26X2_multiMode.c.cc13x2.ccs.o (.text:RF_scheduleCmd)
                  000049ac    0000020c     collector.obj (.text:dataCnfCB)
                  00004bb8    00000200     rf_multiMode_cc13x2.aem4f : RFCC26X2_multiMode.c.cc13x2.ccs.o (.text:RF_open)
                  00004db8    000001f4     drivers_cc13x2.a : PINCC26XX.oem4f (.text:PIN_init)
                  00004fac    000001e4     collector.obj (.text:generateTrackingRequests)
                  00005190    000001e0     maclib_secure_cc13x2.a : mac_hl_patch.obj (.text:macWrapperAddKeyInitFCtr)
                  00005370    000001dc                            : mac_radio_tx.obj (.text:macRadioTxAck)
                  0000554c    000001d4     rf_multiMode_cc13x2.aem4f : RFCC26X2_multiMode.c.cc13x2.ccs.o (.text:RF_dispatchNextCmd)
                  00005720    000001c0     maclib_secure_cc13x2.a : mac_tx.obj (.text:macTxFrame)
                  000058e0    000001b4                            : mac_radio_tx.obj (.text:macRadioTxGoIeee)
                  00005a94    000001b4                            : mac_hl_patch.obj (.text:macRxBeaconCritical)
                  00005c48    000001a8                            : mac_hl_patch.obj (.text:macWrapperDeleteDevice)
                  00005df0    000001a4                            : mac_hl_patch.obj (.text:macWrapperDeleteKeyAndAssociatedDevices)
                  00005f94    000001a0                            : mac_hl_patch.obj (.text:macIncomingFrameSecurityMaterialRetrieval)
                  00006134    00000198     drivers_cc13x2.a : PowerCC26X2.oem4f (.text:Power_sleep)
                  000062cc    00000190     macTask.obj (.text:MAC_CbackEvent)
                  0000645c    00000190     drivers_cc13x2.a : PowerCC26X2_calibrateRCOSC.oem4f (.text:calibrateRcoscHf1)
                  000065ec    00000190     maclib_secure_cc13x2.a : mac_radio_tx.obj (.text:macRadioLbtTxCb)
                  0000677c    0000018c     drivers_cc13x2.a : PowerCC26X2_calibrateRCOSC.oem4f (.text:runCalibrateFsm)
                  00006908    00000186                      : Button.oem4f (.text:Button_clockTimeoutHandler)
                  00006a8e    00000002     rf_multiMode_cc13x2.aem4f : rfc.c.cc13x2.ccs.o (.text:NOROM_RFCCpePatchReset)
                  00006a90    00000184     maclib_secure_cc13x2.a : mac_hl_patch.obj (.text:macIncomingFrameSecurity)
                  00006c14    0000017c     nvocmp.obj (.text:NVOCMP_scanPage)
                  00006d90    00000174     drivers_cc13x2.a : PowerCC26X2.oem4f (.text:Power_init)
                  00006f04    00000174     maclib_secure_cc13x2.a : mac_hl_patch.obj (.text:macWrapperDeleteAllDevices)
                  00007078    00000164     nvocmp.obj (.text:NVOCMP_cleanPage)
                  000071dc    00000164     drivers_cc13x2.a : UARTCC26XX.oem4f (.text:UARTCC26XX_open)
                  00007340    00000164     maclib_secure_cc13x2.a : mac_tx.obj (.text:txCsmaDelay)
                  000074a4    00000154     rf_multiMode_cc13x2.aem4f : RFCC26X2_multiMode.c.cc13x2.ccs.o (.text:RF_radioOpDoneCb)
                  000075f8    00000154     drivers_cc13x2.a : UARTCC26XX.oem4f (.text:UARTCC26XX_hwiIntFxn)
                  0000774c    00000148     rf_multiMode_cc13x2.aem4f : RFCC26X2_multiMode.c.cc13x2.ccs.o (.text:RF_fsmSetupState)
                  00007894    0000013c     drivers_cc13x2.a : AESCCMCC26XX.oem4f (.text:AESCCM_startOperation)
                  000079d0    0000013c     maclib_secure_cc13x2.a : mac_hl_patch.obj (.text:macBuildDataFrame)
                  00007b0c    0000013a     drivers_cc13x2.a : UARTCC26XX.oem4f (.text:UARTCC26XX_read)
                  00007c46    00000002     rf_multiMode_cc13x2.aem4f : RFCC26X2_multiMode.c.cc13x2.ccs.o (.text:RF_defaultCallback)
                  00007c48    00000138     drivers_cc13x2.a : NVSCC26XX.oem4f (.text:NVSCC26XX_write)
                  00007d80    00000138     rf_multiMode_cc13x2.aem4f : RFCC26X2_multiMode.c.cc13x2.ccs.o (.text:RF_abortCmd)
                  00007eb8    00000138                               : RFCC26X2_multiMode.c.cc13x2.ccs.o (.text:RF_ratSetupChannel)
                  00007ff0    00000138     collector.obj (.text:generateConfigRequests)
                  00008128    00000134     maclib_secure_cc13x2.a : mac_radio.obj (.text:macRadioInitIeee)
                  0000825c    0000012c                            : mac_hl_patch.obj (.text:macScanNextChan)
                  00008388    00000120     rf_multiMode_cc13x2.aem4f : RFCC26X2_multiMode.c.cc13x2.ccs.o (.text:RF_close)
                  000084a8    00000120     drivers_cc13x2.a : PowerCC26X2.oem4f (.text:configureXOSCHF)
                  000085c8    0000011c     cllc.obj (.text:Cllc_restoreNetwork)
                  000086e4    00000118     collector.obj (.text:Collector_sendConfigRequest)
                  000087fc    00000118     nvocmp.obj (.text:NVOCMP_readHeader)
                  00008914    00000118     maclib_secure_cc13x2.a : mac.obj (.text:macSetupRATChanCompare)
                  00008a2c    00000114     nvocmp.obj (.text:NVOCMP_initNvApi)
                  00008b40    00000114     drivers_cc13x2.a : PINCC26XX.oem4f (.text:PINCC26XX_setIoCfg)
                  00008c54    00000114     collector.obj (.text:sendMsg)
                  00008d68    00000110     drivers_cc13x2.a : GPIOCC26XX.oem4f (.text:GPIO_setConfig)
                  00008e78    00000110                      : LED.oem4f (.text:LED_open)
                  00008f88    00000106     app_pem4f.oem4f (.text:xdc_runtime_System_printfExtend__I)
                  0000908e    00000002     rtsv7M4_T_le_v4SPD16_eabi.lib : _lock.c.obj (.text:_nop)
                  00009090    00000104     csf.obj (.text:Csf_processEvents)
                  00009194    00000104     nvocmp.obj (.text:NVOCMP_erase)
                  00009298    00000104     rf_multiMode_cc13x2.aem4f : RFCC26X2_multiMode.c.cc13x2.ccs.o (.text:RF_hwiCpe0Active)
                  0000939c    00000104     maclib_secure_cc13x2.a : mac_hl_patch.obj (.text:macOutgoingFrameKeyDescRetrieval)
                  000094a0    00000100     nvocmp.obj (.text:NVOCMP_updateItemApi)
                  000095a0    000000fc     rf_multiMode_cc13x2.aem4f : RFCC26X2_multiMode.c.cc13x2.ccs.o (.text:RF_decodeOverridePointers)
                  0000969c    000000f8     maclib_secure_cc13x2.a : mac_radio_tx.obj (.text:macRadioTxPrepCsmaSlottedSubG)
                  00009794    000000f8                            : mac_rx.obj (.text:macRxInit)
                  0000988c    000000f4     collector.obj (.text:Collector_init)
                  00009980    000000f4     maclib_secure_cc13x2.a : mac_tx.obj (.text:macTxChannelBusyCallback)
                  00009a74    000000f0     driverlib.lib : sys_ctrl.obj (.text:NOROM_SysCtrlStandby)
                  00009b64    000000f0     nvocmp.obj (.text:NVOCMP_getDstPage)
                  00009c54    000000f0     rf_multiMode_cc13x2.aem4f : RFCC26X2_multiMode.c.cc13x2.ccs.o (.text:RF_fsmPowerUpState)
                  00009d44    000000ec     cllc.obj (.text:assocIndCb)
                  00009e30    000000ec     maclib_secure_cc13x2.a : mac_hl_patch.obj (.text:macScanRxCoordRealign)
                  00009f1c    000000ec                            : mac_tx.obj (.text:txCsmaPrep)
                  0000a008    000000e8     drivers_cc13x2.a : Button.oem4f (.text:Button_open)
                  0000a0f0    000000e8     maclib_secure_cc13x2.a : mac_hl_patch.obj (.text:macOutgoingFrameSecurity)
                  0000a1d8    000000e4     nvocmp.obj (.text:NVOCMP_addItem)
                  0000a2bc    000000e4     nvocmp.obj (.text:NVOCMP_createItemApi)
                  0000a3a0    000000e4     nvocmp.obj (.text:NVOCMP_eraseNvApi)
                  0000a484    000000e4     api_mac.obj (.text:processBeaconNotifyInd)
                  0000a568    000000e0     drivers_cc13x2.a : UARTCC26XX.oem4f (.text:UARTCC26XX_write)
                  0000a648    000000e0     maclib_secure_cc13x2.a : mac_symbol_timer.obj (.text:macSymbolTimerUpdateWakeup)
                  0000a728    000000e0     cllc.obj (.text:maintainAssocTable)
                  0000a808    000000dc     maclib_secure_cc13x2.a : mac_hl_patch.obj (.text:macCcmStarTransform)
                  0000a8e4    000000d8                            : mac_hl_patch.obj (.text:MAC_MlmeScanReq)
                  0000a9bc    000000d8     nvocmp.obj (.text:NVOCMP_deleteItemApi)
                  0000aa94    000000d8     rf_multiMode_cc13x2.aem4f : RFCC26X2_multiMode.c.cc13x2.ccs.o (.text:RF_control)
                  0000ab6c    000000d8                               : RFCC26X2_multiMode.c.cc13x2.ccs.o (.text:RF_pendCmd)
                  0000ac44    000000d8     maclib_secure_cc13x2.a : mac_hl_patch.obj (.text:macBuildHeaderIes)
                  0000ad1c    000000d4                            : mac_hl_patch.obj (.text:macEdScanISR)
                  0000adf0    000000d4     cllc.obj (.text:processState)
                  0000aec4    000000d2     rf_multiMode_cc13x2.aem4f : RFCC26X2_multiMode.c.cc13x2.ccs.o (.text:RF_updatePaConfiguration)
                  0000af96    00000002     drivers_cc13x2.a : PowerCC26X2.oem4f (.text:emptyClockFunc)
                  0000af98    000000d0     cllc.obj (.text:Cllc_init)
                  0000b068    000000d0     nvocmp.obj (.text:NVOCMP_readContItemApi)
                  0000b138    000000d0     maclib_secure_cc13x2.a : mac_hl_patch.obj (.text:macApiStartReq)
                  0000b208    000000d0                            : mac_tx.obj (.text:macTxRequestCsmaDelay)
                  0000b2d8    000000cc     driverlib.lib : aes.obj (.text:NOROM_AESWriteToKeyStore)
                  0000b3a4    000000cc     rf_multiMode_cc13x2.aem4f : RFCC26X2_multiMode.c.cc13x2.ccs.o (.text:RF_swiHw)
                  0000b470    000000cc     maclib_secure_cc13x2.a : mac_timer.obj (.text:macSymbolTimerTriggerCallback)
                  0000b53c    000000cc     collector.obj (.text:processConfigResponse)
                  0000b608    000000cc     maclib_secure_cc13x2.a : mac_radio.obj (.text:scheduleNopWakeupCmd)
                  0000b6d4    000000ca     api_mac.obj (.text:copyDataInd)
                  0000b79e    00000002     drivers_cc13x2.a : CryptoResourceCC26XX.oem4f (.text:errorSpin)
                  0000b7a0    000000c8     dpl_cc13x2.a : PowerCC26X2_tirtos.oem4f (.text:PowerCC26XX_standbyPolicy)
                  0000b868    000000c4     drivers_cc13x2.a : GPIOCC26XX.oem4f (.text:GPIO_init)
                  0000b92c    000000c4     maclib_secure_cc13x2.a : mac_autopend.obj (.text:MAC_SrcMatchAddEntry)
                  0000b9f0    000000c4     nvocmp.obj (.text:NVOCMP_writeItemApi)
                  0000bab4    000000c4     maclib_secure_cc13x2.a : mac_radio_tx.obj (.text:macRadioTxAckCb)
                  0000bb78    000000c0     csf.obj (.text:Csf_getDeviceItem)
                  0000bc38    000000c0     drivers_cc13x2.a : PowerCC26X2.oem4f (.text:Power_releaseDependency)
                  0000bcf8    000000c0                      : TRNGCC26XX.oem4f (.text:TRNG_getRandom)
                  0000bdb8    000000c0                      : UARTCC26XX.oem4f (.text:UARTCC26XX_initIO)
                  0000be78    000000c0     collector.obj (.text:dataIndCB)
                  0000bf38    000000c0     maclib_secure_cc13x2.a : mac.obj (.text:macGetRFCmdDuration)
                  0000bff8    000000c0                            : mac_hl_patch.obj (.text:macMgmtReset)
                  0000c0b8    000000c0                            : mac.obj (.text:macSetupReceiveCmd)
                  0000c178    000000bc     nvocmp.obj (.text:NVOCMP_readItem)
                  0000c234    000000bc     rf_multiMode_cc13x2.aem4f : RFCC26X2_multiMode.c.cc13x2.ccs.o (.text:RF_initRadioSetup)
                  0000c2f0    000000bc     maclib_secure_cc13x2.a : mac_hl_patch.obj (.text:macAutoPoll)
                  0000c3ac    000000bc                            : mac_tx.obj (.text:txComplete)
                  0000c468    000000b8     api_mac.obj (.text:ApiMac_init)
                  0000c520    000000b8     csf.obj (.text:Csf_getDevice)
                  0000c5d8    000000b8     nvocmp.obj (.text:NVOCMP_findSignature)
                  0000c690    000000b8     drivers_cc13x2.a : PowerCC26X2.oem4f (.text:Power_setDependency)
                  0000c748    000000b8                      : UARTCC26XX.oem4f (.text:UARTCC26XX_initHw)
                  0000c800    000000b8     csf.obj (.text:addDeviceListItem)
                  0000c8b8    000000b8     macTask.obj (.text:macTaskInit)
                  0000c970    000000b6     nvocmp.obj (.text:NVOCMP_doNVCRC)
                  0000ca26    00000002     csf.obj (.text:formNwkAndUpdateUser)
                  0000ca28    000000b4     csf.obj (.text:Csf_clearAllNVItems)
                  0000cadc    000000b4     nvocmp.obj (.text:NVOCMP_checkItem)
                  0000cb90    000000b2     nvocmp.obj (.text:NVOCMP_findOffset)
                  0000cc42    00000002     maclib_secure_cc13x2.a : mac_pwr.obj (.text:macApiPwrOnReq)
                  0000cc44    000000b0                            : mac_hl_patch.obj (.text:macApiBeaconStartReq)
                  0000ccf4    000000b0                            : mac_radio_tx.obj (.text:macRadioFHEncryptFrame)
                  0000cda4    000000b0                            : mac.obj (.text:macStopCmd)
                  0000ce54    000000ae     api_mac.obj (.text:convertTxOptions)
                  0000cf02    00000002     maclib_secure_cc13x2.a : mac_mcu.obj (.text:macMcuBitReverse)
                  0000cf04    000000ac     nvocmp.obj (.text:NVOCMP_readItemApi)
                  0000cfb0    000000ac     drivers_cc13x2.a : PINCC26XX.oem4f (.text:PIN_open)
                  0000d05c    000000ac     driverlib.lib : setup.obj (.text:TrimAfterColdResetWakeupFromShutDown)
                  0000d108    000000ac     macTask.obj (.text:macInit)
                  0000d1b4    000000a8     nvocmp.obj (.text:NVOCMP_getFreeNvApi)
                  0000d25c    000000a8     maclib_secure_cc13x2.a : mac_hl_patch.obj (.text:macBeaconCheckTxTime)
                  0000d304    000000a8                            : mac_hl_patch.obj (.text:macCcmStarInverseTransform)
                  0000d3ac    000000a8                            : mac_hl_patch.obj (.text:macTrackTimeoutCallback)
                  0000d454    000000a4     collector.obj (.text:Collector_process)
                  0000d4f8    000000a4     csf.obj (.text:Csf_getDeviceExtAdd)
                  0000d59c    000000a4     csf.obj (.text:Csf_init)
                  0000d640    000000a4     csf.obj (.text:Csf_sendDisassociateMsg)
                  0000d6e4    000000a4     nvocmp.obj (.text:NVOCMP_compactNvApi)
                  0000d788    000000a4     rf_multiMode_cc13x2.aem4f : RFCC26X2_multiMode.c.cc13x2.ccs.o (.text:RF_ratRestartChannels)
                  0000d82c    000000a4     maclib_secure_cc13x2.a : mac_hl_patch.obj (.text:macBlacklistChecking)
                  0000d8d0    000000a4                            : mac_radio_tx.obj (.text:macRadioTxEnhAckCb)
                  0000d974    000000a0     cllc.obj (.text:Cllc_addSecDevice)
                  0000da14    000000a0     nvocmp.obj (.text:NVOCMP_setPageState)
                  0000dab4    000000a0     rf_multiMode_cc13x2.aem4f : RFCC26X2_multiMode.c.cc13x2.ccs.o (.text:RF_requestAccess)
                  0000db54    000000a0     auto_init.aem4f : auto_init.oem4f (.text)
                  0000dbf4    000000a0     maclib_secure_cc13x2.a : mac_radio_tx.obj (.text:macRadioSendImmAck)
                  0000dc94    000000a0                            : mac_radio.obj (.text:macRadioUpdateChannel)
                  0000dd34    000000a0                            : mac_radio.obj (.text:macRadioUpdateChannelRx)
                  0000ddd4    000000a0     rom_sysbios.aem4f : rom_sysbios.obj (.text:ti_sysbios_knl_Task_setPri__E)
                  0000de74    0000009c     drivers_cc13x2.a : TRNGCC26XX.oem4f (.text:TRNG_construct)
                  0000df10    0000009c     maclib_secure_cc13x2.a : mac_hl_patch.obj (.text:macAutoPendAddSrcMatchTableEntry)
                  0000dfac    0000009c                            : mac_radio_tx.obj (.text:macRadioTxPrepLbt)
                  0000e048    0000009c                            : mac_sleep.obj (.text:macSleep)
                  0000e0e4    0000009c     rtsv7M4_T_le_v4SPD16_eabi.lib : memcpy_t2.asm.obj (.text)
                  0000e180    00000098     cllc.obj (.text:Cllc_securityInit)
                  0000e218    00000098     driverlib.lib : setup.obj (.text:NOROM_SetupTrimDevice)
                  0000e2b0    00000098     rf_multiMode_cc13x2.aem4f : RFCC26X2_multiMode.c.cc13x2.ccs.o (.text:RF_calculateDispatchTime)
                  0000e348    00000098     drivers_cc13x2.a : TRNGCC26XX.oem4f (.text:TRNGCC26XX_hwiFxn)
                  0000e3e0    00000098     maclib_secure_cc13x2.a : mac_radio.obj (.text:macRadioStartScan)
                  0000e478    00000098                            : mac_rx_onoff.obj (.text:macRxOffRequest)
                  0000e510    00000098                            : mac_tx.obj (.text:macTxStartQueuedFrame)
                  0000e5a8    00000098     drivers_cc13x2.a : UARTCC26XX.oem4f (.text:writeTxFifoFlush)
                  0000e640    00000096     rtsv7M4_T_le_v4SPD16_eabi.lib : ull_div_t2.asm.obj (.text)
                  0000e6d6    00000002     maclib_secure_cc13x2.a : mac_radio.obj (.text:macRadioSetRE)
                  0000e6d8    00000094     nvocmp.obj (.text:NVOCMP_loadApiPtrs)
                  0000e76c    00000094     maclib_secure_cc13x2.a : mac_hl_patch.obj (.text:macIncomingSecurityLevelChecking)
                  0000e800    00000094                            : mac_radio_tx.obj (.text:macRadioTxPrepSlotted)
                  0000e894    00000094                            : mac.obj (.text:macSetupFsCmd)
                  0000e928    00000094                            : mac_timer.obj (.text:macTimerUpdateSymbolTimer)
                  0000e9bc    00000094                            : mac_hl_patch.obj (.text:macTrackStartCallback)
                  0000ea50    00000092     drivers_cc13x2.a : UARTCC26XX.oem4f (.text:UARTCC26XX_writeCancel)
                  0000eae2    00000002     maclib_secure_cc13x2.a : mac_radio_tx.obj (.text:macRadioTxCancelTxAck)
                  0000eae4    00000090     csf.obj (.text:Csf_getFrameCounter)
                  0000eb74    00000090     maclib_osal_tirtos_cc13x2_26x2.a : osal_port.obj (.text:OsalPort_heapMalloc)
                  0000ec04    00000090     rf_multiMode_cc13x2.aem4f : RFCC26X2_multiMode.c.cc13x2.ccs.o (.text:RF_discardPendCmd)
                  0000ec94    00000090                               : RFCC26X2_multiMode.c.cc13x2.ccs.o (.text:RF_getInfo)
                  0000ed24    00000090     cllc.obj (.text:findBestChannel)
                  0000edb4    00000090     maclib_secure_cc13x2.a : mac_hl_patch.obj (.text:macCcmDecrypt)
                  0000ee44    00000090                            : mac_autopend.obj (.text:macSrcMatchCheckSrcAddr)
                  0000eed4    0000008e     nvocmp.obj (.text:NVOCMP_setItemInactive)
                  0000ef62    00000002     maclib_secure_cc13x2.a : mac_rx.obj (.text:macRxRadioPowerUpInit)
                  0000ef64    0000008c                            : mac_hl_patch.obj (.text:MAC_ResumeReq)
                  0000eff0    0000008c     maclib_osal_tirtos_cc13x2_26x2.a : osal_port.obj (.text:OsalPort_setTimer)
                  0000f07c    0000008c     maclib_secure_cc13x2.a : mac_hl_patch.obj (.text:macCcmEncrypt)
                  0000f108    0000008c                            : mac_mcu.obj (.text:macMcuOverflowSetPeriod)
                  0000f194    0000008c     cllc.obj (.text:sendStartReq)
                  0000f220    0000008c     rom_sysbios.aem4f : rom_sysbios.obj (.text:ti_sysbios_gates_GateMutexPri_enter__E)
                  0000f2ac    00000088     cllc.obj (.text:Cllc_removeDevice)
                  0000f334    00000088     driverlib.lib : osc.obj (.text:NOROM_OSCHF_AttemptToSwitchToXosc)
                  0000f3bc    00000088     rf_multiMode_cc13x2.aem4f : RFCC26X2_multiMode.c.cc13x2.ccs.o (.text:RF_cmdDispatchTime)
                  0000f444    00000088                               : RFCC26X2_multiMode.c.cc13x2.ccs.o (.text:RF_getTxPower)
                  0000f4cc    00000088     drivers_cc13x2.a : PowerCC26X2_calibrateRCOSC.oem4f (.text:calibrateRcoscHf2)
                  0000f554    00000088                      : PowerCC26X2.oem4f (.text:disableLFClockQualifiers)
                  0000f5dc    00000088     maclib_secure_cc13x2.a : mac_hl_patch.obj (.text:macKeyDescriptorLookup)
                  0000f664    00000088                            : mac_mcu.obj (.text:macMcuOverflowSetCompare)
                  0000f6ec    00000088                            : mac_pwr.obj (.text:macPwrVote)
                  0000f774    00000088                            : mac_symbol_timer.obj (.text:macSymbolTimerInit)
                  0000f7fc    00000088     drivers_cc13x2.a : PowerCC26X2_calibrateRCOSC.oem4f (.text:updateSubSecInc)
                  0000f884    00000084     ti_drivers_config.obj (.text:Board_sendExtFlashByte)
                  0000f908    00000084     csf.obj (.text:Csf_updateFrameCounter)
                  0000f98c    00000084     rf_multiMode_cc13x2.aem4f : RFCC26X2_multiMode.c.cc13x2.ccs.o (.text:RF_issueRadioFreeCb)
                  0000fa10    00000084                               : RFCC26X2_multiMode.c.cc13x2.ccs.o (.text:RF_verifyGap)
                  0000fa94    00000084     drivers_cc13x2.a : UARTCC26XX.oem4f (.text:UARTCC26XX_close)
                  0000fb18    00000084     collector.obj (.text:getMsduHandle)
                  0000fb9c    00000084     maclib_secure_cc13x2.a : mac_timer.obj (.text:macTimerSetRollover)
                  0000fc20    00000080     api_mac.obj (.text:ApiMac_convertCapabilityInfo)
                  0000fca0    00000080     driverlib.lib : chipinfo.obj (.text:NOROM_ChipInfo_GetChipType)
                  0000fd20    00000080                   : sys_ctrl.obj (.text:NOROM_SysCtrlSetRechargeBeforePowerDown)
                  0000fda0    00000080     drivers_cc13x2.a : NVSCC26XX.oem4f (.text:NVSCC26XX_open)
                  0000fe20    00000080     csf.obj (.text:findDeviceListIndex)
                  0000fea0    00000080     csf.obj (.text:getTheFirstDevice)
                  0000ff20    00000080     macTask.obj (.text:macApp)
                  0000ffa0    00000080     maclib_secure_cc13x2.a : mac_radio.obj (.text:macRadioWakeupCb)
                  00010020    00000080                            : mac.obj (.text:macSetTxPowerVal)
                  000100a0    00000080     rom_sysbios.aem4f : rom_sysbios.obj (.text:ti_sysbios_family_arm_cc26xx_Timer_start__E)
                  00010120    0000007c     csf.obj (.text:Csf_removeDeviceListItem)
                  0001019c    0000007c     nvocmp.obj (.text:NVOCMP_getItemLenApi)
                  00010218    0000007c     nvocmp.obj (.text:NVOCMP_write)
                  00010294    0000007c     maclib_osal_tirtos_cc13x2_26x2.a : osal_port.obj (.text:OsalPort_heapInit)
                  00010310    0000007c     rf_multiMode_cc13x2.aem4f : RFCC26X2_multiMode.c.cc13x2.ccs.o (.text:RF_ratFreeChannel)
                  0001038c    0000007a     rtsv7M4_T_le_v4SPD16_eabi.lib : memset_t2.asm.obj (.text)
                  00010406    00000002                                   : div0.asm.obj (.text)
                  00010408    00000078     maclib_secure_cc13x2.a : mac_autopend.obj (.text:MAC_SrcMatchEnable)
                  00010480    00000078     collector.obj (.text:findDevice)
                  000104f8    00000078     maclib_secure_cc13x2.a : mac_symbol_timer.obj (.text:macSymbolTimerPeriodIsr)
                  00010570    00000078                            : mac_timer.obj (.text:macTimerRealign)
                  000105e8    00000078     cllc.obj (.text:orphanIndCb)
                  00010660    00000078     rom_sysbios.aem4f : rom_sysbios.obj (.text:ti_sysbios_heaps_HeapMem_allocUnprotected__E)
                  000106d8    00000074     drivers_cc13x2.a : PowerCC26X2_calibrateRCOSC.oem4f (.text:PowerCC26X2_auxISR)
                  0001074c    00000074     rf_multiMode_cc13x2.aem4f : RFCC26X2_multiMode.c.cc13x2.ccs.o (.text:RF_ratDisableChannel)
                  000107c0    00000074                               : RFCC26X2_multiMode.c.cc13x2.ccs.o (.text:RF_yield)
                  00010834    00000074     collector.obj (.text:findDeviceStatusBit)
                  000108a8    00000074     maclib_secure_cc13x2.a : mac_radio_tx.obj (.text:macRadioTxPrepCsmaSlottedIeee)
                  0001091c    00000074     api_mac.obj (.text:processScanCnf)
                  00010990    00000074     rom_sysbios.aem4f : rom_sysbios.obj (.text:ti_sysbios_gates_GateMutexPri_leave__E)
                  00010a04    00000072     rf_multiMode_cc13x2.aem4f : RFCC26X2_multiMode.c.cc13x2.ccs.o (.text:RF_detachOverrides)
                  00010a76    00000002     app_pem4f.oem4f (.text:ti_sysbios_BIOS_nullFunc__I)
                  00010a78    00000070     drivers_cc13x2.a : AESCCMCC26XX.oem4f (.text:AESCCM_cleanup)
                  00010ae8    00000070     rf_multiMode_cc13x2.aem4f : rfc.c.cc13x2.ccs.o (.text:NOROM_RFCAnaDivTxOverride)
                  00010b58    00000070     drivers_cc13x2.a : PINCC26XX.oem4f (.text:PIN_add)
                  00010bc8    00000070     rf_multiMode_cc13x2.aem4f : RFCC26X2_multiMode.c.cc13x2.ccs.o (.text:RF_getCurrentTime)
                  00010c38    00000070     drivers_cc13x2.a : Random.oem4f (.text:Random_seedAutomatic)
                  00010ca8    00000070     maclib_secure_cc13x2.a : mac_radio.obj (.text:macRadioPowerDown)
                  00010d18    00000070     collector.obj (.text:sendBroadcastMsg)
                  00010d88    0000006e     nvocmp.obj (.text:NVOCMP_verifyCRC)
                  00010df6    0000006e     rf_multiMode_cc13x2.aem4f : RFCC26X2_multiMode.c.cc13x2.ccs.o (.text:RF_attachOverrides)
                  00010e64    0000006e                               : RFCC26X2_multiMode.c.cc13x2.ccs.o (.text:RF_howToSchedule)
                  00010ed2    0000006e     rtsv7M4_T_le_v4SPD16_eabi.lib : ll_div_t2.asm.obj (.text)
                  00010f40    0000006d     rom_sysbios.aem4f : rom_sysbios.obj (.text:xdc_runtime_System_formatNum__I)
                  00010fad    00000001     --HOLE-- [fill = 0]
                  00010fae    00000002                       : rom_sysbios.obj (.text:ti_sysbios_heaps_HeapCallback_defaultDelete)
                  00010fb0    0000006c     csf.obj (.text:Csf_networkUpdate)
                  0001101c    0000006c     rf_multiMode_cc13x2.aem4f : RFCC26X2_multiMode.c.cc13x2.ccs.o (.text:RF_dispatchNextEvent)
                  00011088    0000006c     maclib_secure_cc13x2.a : mac_rx.obj (.text:macRxHaltCleanup)
                  000110f4    0000006c                            : mac_rx_onoff.obj (.text:macRxOn)
                  00011160    0000006c                            : mac_hl_patch.obj (.text:macTrackPeriodCallback)
                  000111cc    0000006c     cllc.obj (.text:sendScanReq)
                  00011238    0000006a     api_mac.obj (.text:copyMacPanDescToApiMacPanDesc)
                  000112a2    00000068     api_mac.obj (.text:ApiMac_buildMsgCapInfo)
                  0001130a    00000002     rom_sysbios.aem4f : rom_sysbios.obj (.text:xdc_runtime_SysCallback_defaultAbort)
                  0001130c    00000068     driverlib.lib : osc.obj (.text:NOROM_OSCHF_SwitchToRcOscTurnOffXosc)
                  00011374    00000068     maclib_osal_tirtos_cc13x2_26x2.a : osal_port.obj (.text:OsalPort_registerTask)
                  000113dc    00000068     rf_multiMode_cc13x2.aem4f : RFCC26X2_multiMode.c.cc13x2.ccs.o (.text:RF_hwiHw)
                  00011444    00000068     rtsv7M4_T_le_v4SPD16_eabi.lib : copy_decompress_lzss.c.obj (.text:decompress:lzss:__TI_decompress_lzss)
                  000114ac    00000068     maclib_secure_cc13x2.a : mac_timer.obj (.text:macSymbolTimerRolloverCallback)
                  00011514    00000068                            : mac_timer.obj (.text:macTimerAddTimer)
                  0001157c    00000068     collector.obj (.text:processDataRetry)
                  000115e4    00000068     cllc.obj (.text:scanCnfCb)
                  0001164c    00000064     drivers_cc13x2.a : AESCCMCC26XX.oem4f (.text:AESCCM_waitForResult)
                  000116b0    00000064                      : Button.oem4f (.text:Button_gpioCallbackFxn)
                  00011714    00000064     maclib_osal_tirtos_cc13x2_26x2.a : osal_port.obj (.text:OsalPort_clearEvent)
                  00011778    00000064                                      : osal_port.obj (.text:OsalPort_pwrmgrTaskState)
                  000117dc    00000064     drivers_cc13x2.a : UARTCC26XX.oem4f (.text:UARTCC26XX_control)
                  00011840    00000064     cllc.obj (.text:addToPANList)
                  000118a4    00000064     maclib_secure_cc13x2.a : mac.obj (.text:macRequestBackoff)
                  00011908    00000064                            : mac_timer.obj (.text:macTimerGetNextTimer)
                  0001196c    00000064     main.obj (.text:main)
                  000119d0    00000062     rf_multiMode_cc13x2.aem4f : RFCC26X2_multiMode.c.cc13x2.ccs.o (.text:RF_syncCb)
                  00011a32    00000062     drivers_cc13x2.a : UARTCC26XX.oem4f (.text:UARTCC26XX_swiIntFxn)
                  00011a94    00000060                      : AESCCMCC26XX.oem4f (.text:AESCCM_hwiFxn)
                  00011af4    00000060                      : CryptoResourceCC26XX.oem4f (.text:CryptoResourceCC26XX_constructRTOSObjects)
                  00011b54    00000060     csf.obj (.text:Csf_deviceSensorDataUpdate)
                  00011bb4    00000060     drivers_cc13x2.a : GPIOCC26XX.oem4f (.text:GPIO_write)
                  00011c14    00000060     rf_multiMode_cc13x2.aem4f : RFCC26X2_multiMode.c.cc13x2.ccs.o (.text:RF_applyRfCorePatch)
                  00011c74    00000060     drivers_cc13x2.a : TRNGCC26XX.oem4f (.text:TRNGCC26XX_startTrng)
                  00011cd4    00000060     csf.obj (.text:getNumActiveDevices)
                  00011d34    00000060     maclib_secure_cc13x2.a : mac_mcu.obj (.text:macMcuInit)
                  00011d94    00000060                            : mac_radio_tx.obj (.text:macRadioTxBackoffBoundary)
                  00011df4    00000060                            : mac_radio_tx.obj (.text:macRadioTxGoLbt)
                  00011e54    00000060                            : mac_timer.obj (.text:macTimerCancel)
                  00011eb4    00000060     collector.obj (.text:processStartEvent)
                  00011f14    00000060     mac_user_config.obj (.text:rfSelect)
                  00011f74    00000060     collector.obj (.text:sendTrackingRequest)
                  00011fd4    0000005c     cllc.obj (.text:Cllc_process)
                  00012030    0000005c     maclib_osal_tirtos_cc13x2_26x2.a : osal_port.obj (.text:OsalPort_msgReceive)
                  0001208c    0000005c                                      : osal_port.obj (.text:OsalPort_setEvent)
                  000120e8    0000005c     drivers_cc13x2.a : PINCC26XX.oem4f (.text:PIN_remove)
                  00012144    0000005c     rf_multiMode_cc13x2.aem4f : RFCC26X2_multiMode.c.cc13x2.ccs.o (.text:RF_hwiCpe0PowerFsm)
                  000121a0    0000005c     main.obj (.text:appTaskFxn)
                  000121fc    0000005c     drivers_cc13x2.a : NVSCC26XX.oem4f (.text:doErase)
                  00012258    0000005c     maclib_secure_cc13x2.a : mac_radio.obj (.text:macRadioSetChannel)
                  000122b4    0000005c                            : mac_radio.obj (.text:macRadioSetChannelRx)
                  00012310    0000005c     drivers_cc13x2.a : UARTCC26XX.oem4f (.text:startTxFifoEmptyClk)
                  0001236c    0000005c     app_pem4f.oem4f (.text:xdc_runtime_Startup_getState__I)
                  000123c8    00000058     cllc.obj (.text:Cllc_sendDisassociationRequest)
                  00012420    00000058     csf.obj (.text:Csf_stateChangeUpdate)
                  00012478    00000058     drivers_cc13x2.a : PowerCC26X2_calibrateRCOSC.oem4f (.text:PowerCC26X2_initiateCalibration)
                  000124d0    00000058     rf_multiMode_cc13x2.aem4f : RFCC26X2_multiMode.c.cc13x2.ccs.o (.text:RF_TxPowerTable_findValue)
                  00012528    00000058     drivers_cc13x2.a : TRNGCC26XX.oem4f (.text:TRNG_init)
                  00012580    00000058     boot.aem4f : boot.oem4f (.text)
                  000125d8    00000058     maclib_secure_cc13x2.a : mac_sleep.obj (.text:macCanSleep)
                  00012630    00000058                            : mac_radio_tx.obj (.text:macRadioTxRequestTxAck)
                  00012688    00000058                            : mac_hl_patch.obj (.text:macSetDefaultsByPatch)
                  000126e0    00000058                            : mac_symbol_timer.obj (.text:macSymbolTimerEventHandler)
                  00012738    00000058                            : mac_rx.obj (.text:rxPostRxUpdates)
                  00012790    00000058     rom_sysbios.aem4f : rom_sysbios.obj (.text:ti_sysbios_heaps_HeapMem_alloc__E)
                  000127e8    00000056     drivers_cc13x2.a : LED.oem4f (.text:LED_startBlinking)
                  0001283e    00000056     rf_multiMode_cc13x2.aem4f : RFCC26X2_multiMode.c.cc13x2.ccs.o (.text:RF_defaultSubmitPolicy)
                  00012894    00000054     drivers_cc13x2.a : AESCCMCC26XX.oem4f (.text:AESCCM_construct)
                  000128e8    00000054     collector.obj (.text:Collector_sendDeviceTypeRequest)
                  0001293c    00000054     collector.obj (.text:Collector_sendToggleLedRequest)
                  00012990    00000054     csf.obj (.text:Csf_getNumDeviceListEntries)
                  000129e4    00000054     maclib_osal_tirtos_cc13x2_26x2.a : osal_port.obj (.text:HEAPMGR_GETLARGESTFREEBUF)
                  00012a38    00000054     driverlib.lib : prcm.obj (.text:NOROM_PRCMPowerDomainsAllOff)
                  00012a8c    00000054     drivers_cc13x2.a : NVSCC26XX.oem4f (.text:NVSCC26XX_init)
                  00012ae0    00000054     rf_multiMode_cc13x2.aem4f : RFCC26X2_multiMode.c.cc13x2.ccs.o (.text:RF_fsmXOSCState)
                  00012b34    00000054     drivers_cc13x2.a : StructRingBuf.oem4f (.text:StructRingBuf_put)
                  00012b88    00000054     dpl_cc13x2.a : SwiP_tirtos.oem4f (.text:SwiP_construct)
                  00012bdc    00000054     uart_app.obj (.text:UartApp_Init)
                  00012c30    00000054     maclib_osal_tirtos_cc13x2_26x2.a : util_timer.obj (.text:UtilTimer_construct)
                  00012c84    00000054     collector.obj (.text:cllcDeviceJoiningCB)
                  00012cd8    00000054     maclib_secure_cc13x2.a : mac_hl_patch.obj (.text:macIncomingKeyUsagePolicyChecking)
                  00012d2c    00000054                            : mac_radio_tx.obj (.text:macRadioTxPrepCsmaUnslottedIeee)
                  00012d80    00000054                            : mac.obj (.text:macRatDisableChannels)
                  00012dd4    00000054                            : mac_tx.obj (.text:macTxDoneCallback)
                  00012e28    00000050     drivers_cc13x2.a : GPIOCC26XX.oem4f (.text:GPIO_enableInt)
                  00012e78    00000050                      : TRNGCC26XX.oem4f (.text:TRNGCC26XX_waitForResult)
                  00012ec8    00000050     crc.obj (.text:crc_update)
                  00012f18    00000050     collector.obj (.text:processTrackingResponse)
                  00012f68    0000004c     ti_drivers_config.obj (.text:Board_wakeUpExtFlash)
                  00012fb4    0000004c     cllc.obj (.text:Cllc_findDevice)
                  00013000    0000004c     csf.obj (.text:Csf_getNetworkInformation)
                  0001304c    0000004c     driverlib.lib : prcm.obj (.text:NOROM_PRCMPowerDomainsAllOn)
                  00013098    0000004c     nvocmp.obj (.text:NVOCMP_changePageState)
                  000130e4    0000004c     nvocmp.obj (.text:NVOCMP_findDstPage)
                  00013130    0000004c     nvocmp.obj (.text:NVOCMP_findPage)
                  0001317c    0000004c     nvocmp.obj (.text:NVOCMP_setCompactHdr)
                  000131c8    0000004c     maclib_osal_tirtos_cc13x2_26x2.a : osal_port.obj (.text:OsalPort_buildUint32)
                  00013214    0000004c                                      : osal_port.obj (.text:OsalPort_msgSend)
                  00013260    0000004c     rf_multiMode_cc13x2.aem4f : RFCC26X2_multiMode.c.cc13x2.ccs.o (.text:RF_wakeupNotification)
                  000132ac    0000004c     drivers_cc13x2.a : StructRingBuf.oem4f (.text:StructRingBuf_get)
                  000132f8    0000004c                      : UARTCC26XX.oem4f (.text:UARTCC26XX_readCancel)
                  00013344    0000004c     rtsv7M4_T_le_v4SPD16_eabi.lib : cpy_tbl.c.obj (.text:copy_in)
                  00013390    0000004c     cllc.obj (.text:findChannel)
                  000133dc    0000004c     maclib_secure_cc13x2.a : mac_radio.obj (.text:macGetRadioTxPowerReg)
                  00013428    0000004c                            : mac_low_level.obj (.text:macLowLevelYield)
                  00013474    0000004c                            : mac_radio_tx.obj (.text:macRadioSendEnhAck)
                  000134c0    0000004c                            : mac_radio.obj (.text:macRadioSetPanCoordinator)
                  0001350c    0000004c                            : mac_radio_tx.obj (.text:macRadioTxHandleAck)
                  00013558    0000004c                            : mac_radio.obj (.text:macRadioUpdateTxPower)
                  000135a4    0000004c                            : mac.obj (.text:macSendFsCmd)
                  000135f0    0000004c                            : mac_timer.obj (.text:macTimerUpdActive)
                  0001363c    0000004c                            : mac_tx.obj (.text:macTxAckReceivedCallback)
                  00013688    0000004c     csf.obj (.text:updateDeviceListItem)
                  000136d4    0000004a     collector.obj (.text:processIdentifyLedRequest)
                  0001371e    00000002     rom_sysbios.aem4f : rom_sysbios.obj (.text:xdc_runtime_SysCallback_defaultExit)
                  00013720    00000048     maclib_secure_cc13x2.a : fh_ie_patch.obj (.text:FHNT_delTempIndex)
                  00013768    00000048     driverlib.lib : aes.obj (.text:NOROM_AESStartDMAOperation)
                  000137b0    00000048     rf_multiMode_cc13x2.aem4f : rfc.c.cc13x2.ccs.o (.text:NOROM_RFCSynthPowerDown)
                  000137f8    00000048     drivers_cc13x2.a : NVS.oem4f (.text:NVS_open)
                  00013840    00000048                      : PINCC26XX.oem4f (.text:PIN_setOutputEnable)
                  00013888    00000048                      : PowerCC26X2_calibrateRCOSC.oem4f (.text:PowerCC26X2_RCOSC_clockFunc)
                  000138d0    00000048                      : PowerCC26X2.oem4f (.text:PowerCC26XX_switchXOSC_HF)
                  00013918    00000048                      : NVSCC26XX.oem4f (.text:disableFlashCache)
                  00013960    00000048     maclib_secure_cc13x2.a : mac_radio_tx.obj (.text:macRadioTxPrepCsmaUnslottedSubG)
                  000139a8    00000048     drivers_cc13x2.a : PowerCC26X2.oem4f (.text:switchXOSCHF)
                  000139f0    00000048                      : UARTCC26XX.oem4f (.text:writeFinishedDoCallback)
                  00013a38    00000046                      : RingBuf.oem4f (.text:RingBuf_put)
                  00013a7e    00000046     maclib_secure_cc13x2.a : mac_hl_patch.obj (.text:macDeviceDescriptorLookup)
                  00013ac4    00000044     csf.obj (.text:Csf_deviceUpdate)
                  00013b08    00000044     drivers_cc13x2.a : GPIOCC26XX.oem4f (.text:GPIO_disableInt)
                  00013b4c    00000044     driverlib.lib : chipinfo.obj (.text:NOROM_ChipInfo_GetHwRevision)
                  00013b90    00000044     nvocmp.obj (.text:NVOCMP_expectCompApi)
                  00013bd4    00000044     drivers_cc13x2.a : NVSCC26XX.oem4f (.text:NVSCC26XX_read)
                  00013c18    00000044                      : PINCC26XX.oem4f (.text:PIN_swi)
                  00013c5c    00000044                      : PWM.oem4f (.text:PWM_init)
                  00013ca0    00000044                      : UART.oem4f (.text:UART_init)
                  00013ce4    00000044     cllc.obj (.text:findInList)
                  00013d28    00000044     maclib_secure_cc13x2.a : mac_radio.obj (.text:macRadioStopScan)
                  00013d6c    00000044                            : mac_rx_onoff.obj (.text:macRxDisable)
                  00013db0    00000044                            : mac_rx.obj (.text:macRxNokIsr)
                  00013df4    00000042     maclib_osal_tirtos_cc13x2_26x2.a : osal_port.obj (.text:OsalPort_deleteTimer)
                  00013e36    00000002     rom_sysbios.aem4f : rom_sysbios.obj (.text:xdc_runtime_SysCallback_defaultFlush)
                  00013e38    00000040     ti_drivers_config.obj (.text:Board_shutDownExtFlash)
                  00013e78    00000040     cllc.obj (.text:Cllc_setJoinPermit)
                  00013eb8    00000040     dpl_cc13x2.a : ClockP_tirtos.oem4f (.text:ClockP_construct)
                  00013ef8    00000040                  : ClockP_tirtos.oem4f (.text:ClockP_create)
                  00013f38    00000040     maclib_secure_cc13x2.a : mac_timer.obj (.text:MAC_PwrNextTimeout)
                  00013f78    00000040     driverlib.lib : osc.obj (.text:NOROM_OSC_HPOSCRelativeFrequencyOffsetGet)
                  00013fb8    00000040     maclib_osal_tirtos_cc13x2_26x2.a : osal_port.obj (.text:OsalPort_heapFree)
                  00013ff8    00000040     drivers_cc13x2.a : PWM.oem4f (.text:PWM_open)
                  00014038    00000040                      : PowerCC26X2.oem4f (.text:PowerCC26XX_isStableXOSC_HF)
                  00014078    00000040                      : Random.oem4f (.text:Random_getNumber)
                  000140b8    00000040                      : RingBuf.oem4f (.text:RingBuf_get)
[...]
200009ec  xdc_runtime_System_Module__state__V                                
200009f4  ti_sysbios_family_arm_m3_Hwi_Module__state__V                      
20000a28  ti_sysbios_family_arm_cc26xx_Timer_Module__state__V                
20000a30  macMRFSKGenPhyTable                                                
20000ad0  fhObject                                                           
20000b3c  txPowerTable_868_pa13                                              
20000ba2  rxCmdHandle                                                        
20000ba8  lastPostCmd                                                        
20000bac  macSfdDetectCback                                                  
20000bb0  pMacRadioConfig                                                    
20000bb4  macRfDrvTblPtr                                                     
20000bd0  macRxOutputSubG                                                    
20000bdc  macRxOutputIeee                                                    
20000bec  macFrmFilter                                                       
20000c00  Main_user1Cfg                                                      
20000c5c  FHIE_channelPlan                                                   
20000cb0  ti_sysbios_knl_Task_Object__table__V                               
20000cfc  Collector_macCallbacks                                             
20000d8c  macSrcMatchIsAckAllPending                                         
20000d8d  macSrcResIndex                                                     
20000d90  ti_sysbios_family_arm_cc26xx_Timer_Object__table__V                
20000de0  macPhyTxPower                                                      
20000de8  pRfMode                                                            
20000dec  pRfPowerTable                                                      
20000df0  pMaxPower                                                          
20000df4  RF_handle                                                          
20000df8  RF_params                                                          
20000e18  ti_sysbios_gates_GateMutex_Object__table__V                        
20000e50  macBeaconPayload                                                   
20000e84  pMacDataTx                                                         
20000e88  macDataTxIndirect                                                  
20000e8c  macDataRequeueIndirect                                             
20000e90  macDataRxBeaconCritical                                            
20000e94  macDataTxBeaconComplete                                            
20000e98  macDataSetSched                                                    
20000e9c  macDataCheckSched                                                  
20000ea0  macDataCheckTxTime                                                 
20000ea4  macDataBeaconRequeue                                               
20000ea8  csmPhy                                                             
20000eac  macTimerRollover                                                   
20000eb0  macTimerNewRollover                                                
20000eb4  ti_sysbios_knl_Swi_Module_State_0_readyQ__A                        
20000ee4  ti_sysbios_knl_Swi_Object__table__V                                
20000f14  ti_sysbios_knl_Task_Module_State_0_readyQ__A                       
20000f70  pOverrides_slr5kbps2gfsk                                           
20000f9c  macSpecUsecsPerSymbol                                              
20000fa0  macSymbolTimerRollover                                             
20000fa4  macPrevPeriodRatCount                                              
20000fa8  macSymbolTimerTrigger                                              
20000fc4  _hposcCoeffs                                                       
20000fe8  macTxType                                                          
20000fe9  macTxBe                                                            
20000fea  macTxGpInterframeDelay                                             
20000feb  txAckReq                                                           
20000fee  txSeqn                                                             
20000ff0  numTx                                                              
20000ff2  macTxCsmaBackoffDelay                                              
20000ff4  macCsmaRtcTimerId                                                  
20000ff8  macAckDbg                                                          
2000100c  macActionSet                                                       
20001050  macBeaconMargin                                                    
20001070  ti_sysbios_knl_Clock_Object__table__V                              
20001090  xdc_runtime_Error_IgnoreBlock                                      
200010b0  Cllc_events                                                        
200010b2  Cllc_devShortAddr                                                  
200010cc  ti_sysbios_family_arm_m3_Hwi_Object__table__V                      
200010e4  txCmdHandle                                                        
200010e6  macRadioAckIeeeFrame                                               
200010ec  pMacEnhancedAck                                                    
200010f0  macRadioAckFrame                                                   
20001104  Csf_keys                                                           
20001108  Csf_events                                                         
2000110a  savedCllcState                                                     
2000110b  permitJoining                                                      
2000110c  macStateTbl                                                        
2000112c  pMacCbackQueryRetransmit                                           
20001130  pMacCbackCheckPending                                              
20001134  macUser0Cfg                                                        
20001159  CryptoResourceCC26XX_pollingFlag                                   
2000116c  RF_cmdNop                                                          
2000117c  RF_cmdNopFg                                                        
2000118c  RF_prop_slr5kbps2gfsk                                              
2000119c  gpioCallbackFunctions                                              
200011ac  gpioPinConfigs                                                     
200011bc  macCfg                                                             
200011cc  lastRatChanA                                                       
200011cd  lastRatChanB                                                       
200011ce  macRxCmdActive                                                     
200011cf  macTxCmdActive                                                     
200011d0  macFsCmdActive                                                     
200011d1  macRxPreempted                                                     
200011d2  macReqAccessCnt                                                    
200011d4  macReqAccessTimeCnt                                                
200011d5  reqAccessAlloc                                                     
200011d6  macReqAccErrCnt                                                    
200011d8  numRfCmd                                                           
200011d9  numRxCmd                                                           
200011da  numRxPostCmd                                                       
200011e4  pClockHandleEDScan                                                 
200011e8  FH_FSM                                                             
20001200  ti_sysbios_heaps_HeapCallback_Object__table__V                     
2000120c  Collector_events                                                   
20001218  _lock                                                              
2000121c  _unlock                                                            
20001220  FH_txTiming                                                        
20001228  RFCC26XX_schedulerPolicy                                           
20001230  appEvents                                                          
20001240  pinUpperBound                                                      
20001244  pinLowerBound                                                      
20001250  ti_sysbios_family_arm_m3_Hwi_Module__root__V                       
20001258  ti_sysbios_gates_GateHwi_Module__root__V                           
20001260  ti_sysbios_gates_GateMutexPri_Module__root__V                      
20001268  ti_sysbios_gates_GateMutex_Module__root__V                         
20001270  ti_sysbios_hal_Hwi_Module__root__V                                 
20001278  ti_sysbios_heaps_HeapCallback_Module__root__V                      
20001280  ti_sysbios_heaps_HeapMem_Module__root__V                           
20001288  ti_sysbios_knl_Clock_Module__root__V                               
20001290  ti_sysbios_knl_Event_Module__root__V                               
20001298  ti_sysbios_knl_Mailbox_Module__root__V                             
200012a0  ti_sysbios_knl_Queue_Module__root__V                               
200012a8  ti_sysbios_knl_Semaphore_Module__root__V                           
200012b0  ti_sysbios_knl_Swi_Module__root__V                                 
200012b8  ti_sysbios_knl_Task_Module__root__V                                
200012c6  ti_sysbios_family_arm_m3_Hwi_Module_State_0_excActive__A           
200012cd  macSleepState                                                      
200012ce  macTxSlottedDelayFactor                                            
200012cf  Main_assertReason                                                  
200012d4  macAddrSize                                                        
200012d8  macTasksEvents                                                     
200012dc  macTxSlottedDelay                                                  
200012dd  bInSwi                                                             
200012de  macSrcMatchIsEnabled                                               
200012df  macRadioYielded                                                    
200012e4  main_func_sp                                                       
200012e8  ti_sysbios_family_arm_m3_Hwi_Module_State_0_excContext__A          
200012ec  ti_sysbios_family_arm_m3_Hwi_Module_State_0_excStack__A            
200012f0  ti_sysbios_knl_Task_Module_State_0_idleTask__A                     
200012f4  uartHandle                                                         
20002100  Cllc_associatedDevList                                             
20002358  ti_sysbios_knl_Task_Instance_State_0_stack__A                      
20002558  uartCC26XXObjects                                                  
20002714  enhancedAckBuf                                                     
20002908  ti_sysbios_family_arm_m3_Hwi_dispatchTable                         
200029e0  LEDObjects                                                         
20002a98  FHPIB_db                                                           
20002b24  FH_hnd                                                             
20002bac  macPib                                                             
20002c34  pinHandleTable                                                     
20002cb0  FHNT_tableOpt                                                      
20002d2c  macScan                                                            
20002dd0  ButtonObjects                                                      
20002e20  CryptoResourceCC26XX_accessSemaphore                               
20002e70  CryptoResourceCC26XX_operationSemaphore                            
20002ec0  appTask                                                            
20002f10  macTask                                                            
20002f60  NVOCMP_nvHandle                                                    
20002fa6  FHFSM_Dbg                                                          
20002fe8  macSecurityPib                                                     
200030a0  Collector_statistics                                               
200030dc  RF_cmdIEEERx                                                       
20003118  macBeaconCoord                                                     
2000318e  AppTaskId                                                          
2000318f  NVOCMP_size                                                        
20003190  FHNT_hnd                                                           
200031c8  macDeviceAction1                                                   
20003200  macBeaconDevice                                                    
20003234  RF_cmdPropRadioDivSetup                                            
20003264  RF_cmdPropRxAdv                                                    
20003294  macMgmtAction1                                                     
200032c4  macSrcExtAddrList                                                  
200032f4  macCoord                                                           
20003320  macDevice                                                          
2000334c  macRxFilter                                                        
2000334d  rxPromiscuousMode                                                  
20003350  rxSeqNum                                                           
20003358  macRxDataEntryOffset                                               
20003360  rxRadioBufferPtr                                                   
2000336c  macRxDataEntryQueue                                                
2000344c  uartParams                                                         
200034d0  RF_cmdIEEECsma                                                     
200034f0  RF_cmdPropTxAdv                                                    
20003510  RF_cmdRadioSetup                                                   
20003530  macBeacon                                                          
200035a4  CryptoResourceCC26XX_hwi                                           
200035c0  RF_cmdPropCs                                                       
200035dc  RF_cmdPropCsSlotted                                                
200035f8  appSem                                                             
20003614  macCoordAction2                                                    
20003630  macReset                                                           
2000364c  macSem                                                             
20003668  macSrcShortAddrList                                                
20003684  uartmsg                                                            
200036a0  RF_cmdFsRx                                                         
200036b8  RF_cmdFsTx                                                         
200036d0  RF_cmdIEEETx                                                       
200036e8  aesccmCC26XXObjects                                                
20003700  macScanAction                                                      
20003740  RF_cmdRxAckCmd                                                     
20003754  macDeviceAction2                                                   
20003768  macMgmtAction2                                                     
2000378e  appTaskId                                                          
2000378f  driverlib_release_0_60278                                          
20003790  macBeaconDeviceAction                                              
200037a0  macCoordAction3                                                    
200037b0  macData                                                            
200037c0  macDataTxDelay                                                     
20003800  FH_PibTbl                                                          
2000380c  macMain                                                            
20003821  gAction                                                            
20003822  macAckTxActive                                                     
20003823  macMgmt                                                            
2000382c  ApiMac_extAddr                                                     
20003834  FHNT_tempTable                                                     
2000383c  macBeaconCoordAction1                                              
20003844  macCoordAction1                                                    
2000384c  FHNT_Dbg                                                           
20003852  macPanCoordinator                                                  
20003853  macPhyChannel                                                      
20003864  AESCCM_handle                                                      
20003868  FH_test_var                                                        
2000386c  PowerCC26XX_swiKey                                                 
20003870  PowerCC26XX_taskKey                                                
20003874  macCryptoDrvTblPtr                                                 
20003878  macRxSymbol                                                        
2000387c  macTimerActive                                                     
20003880  macTxTimestamp                                                     
20003884  nvsCC26XXObjects                                                   
20003888  timerAlignedQ                                                      
2000388c  timerUnalignedQ                                                    
20003890  macPwr                                                             
20003891  macRxActive                                                        
20003892  macRxEnableFlags                                                   
20003893  macRxOutgoingAckFlag                                               
20003894  macSymbolTimerImpending                                            
20003895  macTaskId                                                          
20003896  macTxActive                                                        
20003897  macUnitBackoffPeriod                                               
20003898  rxFhRsl                                                            
20003899  heapStart                                                          
20013aa0  __stack                                                            
20013aa0  heapEnd                                                            
20014000  __STACK_END                                                        
20014000  __STACK_TOP                                                        
e000e000  ti_sysbios_family_arm_m3_Hwi_nvic                                  
ffffffff  __TI_pprof_out_hndl                                                
ffffffff  __TI_prof_data_size                                                
ffffffff  __TI_prof_data_start                                               
ffffffff  __binit__                                                          
ffffffff  __c_args__                                                         
ffffffff  binit                                                              
UNDEFED   ITM_flush                                                          
UNDEFED   ITM_restore                                                        
UNDEFED   PWM_config                                                         
UNDEFED   PWM_count                                                          
UNDEFED   SHT$$INIT_ARRAY$$Base                                              
UNDEFED   SHT$$INIT_ARRAY$$Limit                                             

[1963 symbols]
